VT_ESP.LNG
VT_ENG.LNG
VT.CFG
VT.MAP

SHELLVT.PAS
SHELLVT.CFG
SHELLVT.MAP

MAKESTR.PAS
MAKESTR.EXE

VTEXE.LST
VTSRC.LST

UNREAL.VTO
PANIC.VTO
HELL.VTO

MAKE.BAT

BANNER.TXT


VT.PAS
VTGLOBAL.PAS
VTCFG.PAS
VTCMD.PAS
VTWINS.PAS
VTSCREEN.PAS
VTPLAY.PAS
VTPARTIT.PAS
VTBITMAP.PAS
VTSTRCON.PAS
VTSPECIA.PAS
VTSHELL.PAS


LIB\SONGUNIT.PAS
LIB\SONGUTIL.PAS
LIB\SONGELEM.PAS
LIB\UNKLOADE.PAS
LIB\MODLOADE.PAS
LIB\OKTLOADE.PAS
LIB\STMLOADE.PAS
LIB\S3MLOADE.PAS
LIB\EXELOADE.PAS
LIB\LOADER66.PAS

LIB\DEVDAC.PAS
LIB\DEVDAC.INC
LIB\DEVSB.PAS
LIB\DEVSB.INC
LIB\DEVSPKR.PAS
LIB\DEVSPKR.INC
LIB\DEVGUS.PAS
LIB\SOUNDDEV.PAS
LIB\SOUNDDEV.ASM
LIB\SOUNDDEV.OBJ
LIB\BASSPOW.INC
LIB\MIXROUTS.INC
LIB\SOUNDBLA.PAS
LIB\GUS.PAS

LIB\PLAYMOD.PAS
LIB\PLAYMOD.ASM
LIB\PLAYMOD.OBJ
LIB\MODCOMMA.PAS

LIB\MOUSE.PAS
LIB\OUTPUT43.PAS
LIB\VID43.PAS
LIB\BIOSVIDE.PAS
LIB\FONT.OBJ

LIB\SWAPSTRE.PAS
LIB\SWAPMANA.PAS

LIB\UMBUNIT.PAS
LIB\XMSUNIT.PAS
LIB\HEAPS.PAS

LIB\CMDLINE.PAS
LIB\HARDWARE.PAS
LIB\STRCONST.PAS
LIB\FILEUTIL.PAS
LIB\ASCIIZ.PAS
LIB\HEXCONVE.PAS
LIB\FILTERS.PAS
LIB\KBD.PAS
LIB\DEBUGGIN.PAS
LIB\CLEANHEA.PAS
LIB\IFF.PAS
LIB\STACKS.PAS
LIB\MOUSE.PAS


FONT\MAKE.BAT
FONT\GETFONT.EXE
FONT\GETFONT.PAS
FONT\VIDEO.PAS
FONT\FONT.DAT
FONT\FONT.CEL
FONT\FONT.GIF


DOC\MAKE.BAT
DOC\MAKEDOC.PAS
DOC\MAKEDOC.EXE
DOC\*.TXT


TURBO.TP
TPC.CFG
